src/components/dashboard/CreateListModal.tsx(24,13): error TS2339: Property 'createList' does not exist on type 'ListState'.
src/components/dashboard/CreateListModal.tsx(24,25): error TS2339: Property 'updateList' does not exist on type 'ListState'.
src/components/dashboard/Dashboard.tsx(13,5): error TS6133: 'Copy' is declared but its value is never read.
src/components/dashboard/Dashboard.tsx(14,5): error TS6133: 'Edit2' is declared but its value is never read.
src/components/dashboard/Dashboard.tsx(15,5): error TS6133: 'Archive' is declared but its value is never read.
src/store/focusStore.ts(5,29): error TS6196: 'Task' is declared but never used.
